{
  "version": "1.5.0",
  "plugins_used": [
    {
      "name": "ArtifactoryDetector"
    },
    {
      "name": "AWSKeyDetector"
    },
    {
      "name": "AzureStorageKeyDetector"
    },
    {
      "name": "Base64HighEntropyString",
      "limit": 4.5
    },
    {
      "name": "BasicAuthDetector"
    },
    {
      "name": "CloudantDetector"
    },
    {
      "name": "DiscordBotTokenDetector"
    },
    {
      "name": "GitHubTokenDetector"
    },
    {
      "name": "GitLabTokenDetector"
    },
    {
      "name": "HexHighEntropyString",
      "limit": 3.0
    },
    {
      "name": "IbmCloudIamDetector"
    },
    {
      "name": "IbmCosHmacDetector"
    },
    {
      "name": "IPPublicDetector"
    },
    {
      "name": "JwtTokenDetector"
    },
    {
      "name": "KeywordDetector",
      "keyword_exclude": ""
    },
    {
      "name": "MailchimpDetector"
    },
    {
      "name": "NpmDetector"
    },
    {
      "name": "OpenAIDetector"
    },
    {
      "name": "PrivateKeyDetector"
    },
    {
      "name": "PypiTokenDetector"
    },
    {
      "name": "SendGridDetector"
    },
    {
      "name": "SlackDetector"
    },
    {
      "name": "SoftlayerDetector"
    },
    {
      "name": "SquareOAuthDetector"
    },
    {
      "name": "StripeDetector"
    },
    {
      "name": "TelegramBotTokenDetector"
    },
    {
      "name": "TwilioKeyDetector"
    }
  ],
  "filters_used": [
    {
      "path": "detect_secrets.filters.allowlist.is_line_allowlisted"
    },
    {
      "path": "detect_secrets.filters.common.is_baseline_file",
      "filename": ".secrets.baseline"
    },
    {
      "path": "detect_secrets.filters.common.is_ignored_due_to_verification_policies",
      "min_level": 2
    },
    {
      "path": "detect_secrets.filters.heuristic.is_indirect_reference"
    },
    {
      "path": "detect_secrets.filters.heuristic.is_likely_id_string"
    },
    {
      "path": "detect_secrets.filters.heuristic.is_lock_file"
    },
    {
      "path": "detect_secrets.filters.heuristic.is_not_alphanumeric_string"
    },
    {
      "path": "detect_secrets.filters.heuristic.is_potential_uuid"
    },
    {
      "path": "detect_secrets.filters.heuristic.is_prefixed_with_dollar_sign"
    },
    {
      "path": "detect_secrets.filters.heuristic.is_sequential_string"
    },
    {
      "path": "detect_secrets.filters.heuristic.is_swagger_file"
    },
    {
      "path": "detect_secrets.filters.heuristic.is_templated_secret"
    }
  ],
  "results": {
    ".github/workflows/build.yaml": [
      {
        "type": "Secret Keyword",
        "filename": ".github/workflows/build.yaml",
        "hashed_secret": "3e26d6750975d678acb8fa35a0f69237881576b0",
        "is_verified": false,
        "line_number": 30,
        "is_secret": false
      }
    ],
    ".github/workflows/pr.yaml": [
      {
        "type": "Secret Keyword",
        "filename": ".github/workflows/pr.yaml",
        "hashed_secret": "3e26d6750975d678acb8fa35a0f69237881576b0",
        "is_verified": false,
        "line_number": 27,
        "is_secret": false
      }
    ],
    ".github/workflows/test.yaml": [
      {
        "type": "Secret Keyword",
        "filename": ".github/workflows/test.yaml",
        "hashed_secret": "3e26d6750975d678acb8fa35a0f69237881576b0",
        "is_verified": false,
        "line_number": 18,
        "is_secret": false
      }
    ],
    "cpp/scripts/heuristics/select_k/generate_heuristic.ipynb": [
      {
        "type": "Base64 High Entropy String",
        "filename": "cpp/scripts/heuristics/select_k/generate_heuristic.ipynb",
        "hashed_secret": "8429d5f4b9a728a115dd59f7ffea6503e74a315e",
        "is_verified": false,
        "line_number": 381,
        "is_secret": false
      }
    ],
    "cpp/scripts/heuristics/select_k/generate_plots.ipynb": [
      {
        "type": "Base64 High Entropy String",
        "filename": "cpp/scripts/heuristics/select_k/generate_plots.ipynb",
        "hashed_secret": "f8ab5f336c2865dcf7472b29fd87973c95ae359b",
        "is_verified": false,
        "line_number": 286,
        "is_secret": false
      },
      {
        "type": "Base64 High Entropy String",
        "filename": "cpp/scripts/heuristics/select_k/generate_plots.ipynb",
        "hashed_secret": "ce6e82f0e8e39f23bc5822741bd36d08f430efb0",
        "is_verified": false,
        "line_number": 309,
        "is_secret": false
      }
    ],
    "notebooks/tutorial_ivf_pq.ipynb": [
      {
        "type": "Base64 High Entropy String",
        "filename": "notebooks/tutorial_ivf_pq.ipynb",
        "hashed_secret": "329ca706cd00b54159ed12bade9b8823946fb998",
        "is_verified": false,
        "line_number": 559,
        "is_secret": false
      },
      {
        "type": "Base64 High Entropy String",
        "filename": "notebooks/tutorial_ivf_pq.ipynb",
        "hashed_secret": "91b55aaab7bfcb4d649b5d2c9d31b14dfcf1490d",
        "is_verified": false,
        "line_number": 654,
        "is_secret": false
      },
      {
        "type": "Base64 High Entropy String",
        "filename": "notebooks/tutorial_ivf_pq.ipynb",
        "hashed_secret": "b5528f35f1d6fbb590d83ed8570fece6c4f57152",
        "is_verified": false,
        "line_number": 769,
        "is_secret": false
      },
      {
        "type": "Base64 High Entropy String",
        "filename": "notebooks/tutorial_ivf_pq.ipynb",
        "hashed_secret": "abd63fc646ef54c0822a8cb6366e5d344cbfe5c8",
        "is_verified": false,
        "line_number": 872,
        "is_secret": false
      },
      {
        "type": "Base64 High Entropy String",
        "filename": "notebooks/tutorial_ivf_pq.ipynb",
        "hashed_secret": "e8f78cda9070d24b9ba52e66dbabd854a178bf05",
        "is_verified": false,
        "line_number": 1064,
        "is_secret": false
      },
      {
        "type": "Base64 High Entropy String",
        "filename": "notebooks/tutorial_ivf_pq.ipynb",
        "hashed_secret": "1920bfe473cad1b3c8a50d5b8fdb1d93b814d54e",
        "is_verified": false,
        "line_number": 1302,
        "is_secret": false
      },
      {
        "type": "Hex High Entropy String",
        "filename": "notebooks/tutorial_ivf_pq.ipynb",
        "hashed_secret": "7cfe75e6f3886d976b4edf799444225cfd38e7e2",
        "is_verified": false,
        "line_number": 1359,
        "is_secret": false
      }
    ],
    "python/raft-ann-bench/src/raft_ann_bench/run/conf/bigann-100M.json": [
      {
        "type": "Base64 High Entropy String",
        "filename": "python/raft-ann-bench/src/raft_ann_bench/run/conf/bigann-100M.json",
        "hashed_secret": "85eb0d10e9b4e0e063cac8b0be068556874cbce8",
        "is_verified": false,
        "line_number": 21,
        "is_secret": false
      }
    ],
    "python/raft-ann-bench/src/raft_ann_bench/run/conf/deep-100M.json": [
      {
        "type": "Base64 High Entropy String",
        "filename": "python/raft-ann-bench/src/raft_ann_bench/run/conf/deep-100M.json",
        "hashed_secret": "1139b9f7de60d00b4e08f648c714c770aa20275a",
        "is_verified": false,
        "line_number": 366,
        "is_secret": false
      },
      {
        "type": "Base64 High Entropy String",
        "filename": "python/raft-ann-bench/src/raft_ann_bench/run/conf/deep-100M.json",
        "hashed_secret": "6ec7a51b7e30efee8b20a8e162b22cac04b23f65",
        "is_verified": false,
        "line_number": 375,
        "is_secret": false
      }
    ],
    "python/raft-ann-bench/src/raft_ann_bench/run/conf/deep-image-96-inner.json": [
      {
        "type": "Base64 High Entropy String",
        "filename": "python/raft-ann-bench/src/raft_ann_bench/run/conf/deep-image-96-inner.json",
        "hashed_secret": "01f5d6bfe2cbcfc09ed95eca26683c8c77009b9c",
        "is_verified": false,
        "line_number": 709,
        "is_secret": false
      },
      {
        "type": "Base64 High Entropy String",
        "filename": "python/raft-ann-bench/src/raft_ann_bench/run/conf/deep-image-96-inner.json",
        "hashed_secret": "c75fd78a68cddf797d9f95c06f9489155b21ea00",
        "is_verified": false,
        "line_number": 718,
        "is_secret": false
      },
      {
        "type": "Base64 High Entropy String",
        "filename": "python/raft-ann-bench/src/raft_ann_bench/run/conf/deep-image-96-inner.json",
        "hashed_secret": "bd37a16d340ac5f1105ff18aae3246f1cc56da22",
        "is_verified": false,
        "line_number": 730,
        "is_secret": false
      },
      {
        "type": "Base64 High Entropy String",
        "filename": "python/raft-ann-bench/src/raft_ann_bench/run/conf/deep-image-96-inner.json",
        "hashed_secret": "eacf5227a80d5dd6c959f4939b2083ded24c7795",
        "is_verified": false,
        "line_number": 741,
        "is_secret": false
      },
      {
        "type": "Base64 High Entropy String",
        "filename": "python/raft-ann-bench/src/raft_ann_bench/run/conf/deep-image-96-inner.json",
        "hashed_secret": "ebcb86e2ed592d164ff1ef53f78691f434976dd3",
        "is_verified": false,
        "line_number": 753,
        "is_secret": false
      },
      {
        "type": "Base64 High Entropy String",
        "filename": "python/raft-ann-bench/src/raft_ann_bench/run/conf/deep-image-96-inner.json",
        "hashed_secret": "cdfaec223fa24dabe17dab59f4a00ba6c742e89e",
        "is_verified": false,
        "line_number": 762,
        "is_secret": false
      },
      {
        "type": "Base64 High Entropy String",
        "filename": "python/raft-ann-bench/src/raft_ann_bench/run/conf/deep-image-96-inner.json",
        "hashed_secret": "c5daa613b80b040861628ba8ea38d8adf2617ba4",
        "is_verified": false,
        "line_number": 773,
        "is_secret": false
      },
      {
        "type": "Base64 High Entropy String",
        "filename": "python/raft-ann-bench/src/raft_ann_bench/run/conf/deep-image-96-inner.json",
        "hashed_secret": "e193ed99826bf76586a7562cc860e8a1e84244ff",
        "is_verified": false,
        "line_number": 782,
        "is_secret": false
      },
      {
        "type": "Base64 High Entropy String",
        "filename": "python/raft-ann-bench/src/raft_ann_bench/run/conf/deep-image-96-inner.json",
        "hashed_secret": "6bcc41724bb870c572848d9db462608ed7a8e2fb",
        "is_verified": false,
        "line_number": 793,
        "is_secret": false
      },
      {
        "type": "Base64 High Entropy String",
        "filename": "python/raft-ann-bench/src/raft_ann_bench/run/conf/deep-image-96-inner.json",
        "hashed_secret": "4539ed7abb901b40eb90d9c9fc6b4aa68d5e176d",
        "is_verified": false,
        "line_number": 802,
        "is_secret": false
      },
      {
        "type": "Base64 High Entropy String",
        "filename": "python/raft-ann-bench/src/raft_ann_bench/run/conf/deep-image-96-inner.json",
        "hashed_secret": "e088bfe7f3ec66919c59390603f0f0520adbad44",
        "is_verified": false,
        "line_number": 813,
        "is_secret": false
      },
      {
        "type": "Base64 High Entropy String",
        "filename": "python/raft-ann-bench/src/raft_ann_bench/run/conf/deep-image-96-inner.json",
        "hashed_secret": "9d644733f28ecc89d167dc0f7bcca248982ea918",
        "is_verified": false,
        "line_number": 822,
        "is_secret": false
      },
      {
        "type": "Base64 High Entropy String",
        "filename": "python/raft-ann-bench/src/raft_ann_bench/run/conf/deep-image-96-inner.json",
        "hashed_secret": "9ca587f801529c437e23e07773860d4566089502",
        "is_verified": false,
        "line_number": 833,
        "is_secret": false
      },
      {
        "type": "Base64 High Entropy String",
        "filename": "python/raft-ann-bench/src/raft_ann_bench/run/conf/deep-image-96-inner.json",
        "hashed_secret": "257e69f7af227a8407deefc71b073a90c49f7b7c",
        "is_verified": false,
        "line_number": 842,
        "is_secret": false
      },
      {
        "type": "Base64 High Entropy String",
        "filename": "python/raft-ann-bench/src/raft_ann_bench/run/conf/deep-image-96-inner.json",
        "hashed_secret": "f18cedc6457195d182a35309ebe7a19a6a21b7d2",
        "is_verified": false,
        "line_number": 854,
        "is_secret": false
      },
      {
        "type": "Base64 High Entropy String",
        "filename": "python/raft-ann-bench/src/raft_ann_bench/run/conf/deep-image-96-inner.json",
        "hashed_secret": "06ba56d70e7491dd91e55734514b0f5eb994bc6d",
        "is_verified": false,
        "line_number": 863,
        "is_secret": false
      },
      {
        "type": "Base64 High Entropy String",
        "filename": "python/raft-ann-bench/src/raft_ann_bench/run/conf/deep-image-96-inner.json",
        "hashed_secret": "711e55dfb60a5ded33a887c2f4aaeaed6d2b307c",
        "is_verified": false,
        "line_number": 874,
        "is_secret": false
      },
      {
        "type": "Base64 High Entropy String",
        "filename": "python/raft-ann-bench/src/raft_ann_bench/run/conf/deep-image-96-inner.json",
        "hashed_secret": "16d5071aa6f3fb0138731abb9a8a4518e75cca1a",
        "is_verified": false,
        "line_number": 883,
        "is_secret": false
      },
      {
        "type": "Base64 High Entropy String",
        "filename": "python/raft-ann-bench/src/raft_ann_bench/run/conf/deep-image-96-inner.json",
        "hashed_secret": "74d3cdfb1533db244114ca315e78b925fe097209",
        "is_verified": false,
        "line_number": 894,
        "is_secret": false
      },
      {
        "type": "Base64 High Entropy String",
        "filename": "python/raft-ann-bench/src/raft_ann_bench/run/conf/deep-image-96-inner.json",
        "hashed_secret": "de05fdf3f4317d994ce23c72825677299ecae9fa",
        "is_verified": false,
        "line_number": 903,
        "is_secret": false
      }
    ],
    "python/raft-ann-bench/src/raft_ann_bench/run/conf/fashion-mnist-784-euclidean.json": [
      {
        "type": "Base64 High Entropy String",
        "filename": "python/raft-ann-bench/src/raft_ann_bench/run/conf/fashion-mnist-784-euclidean.json",
        "hashed_secret": "9010f0965737ecc1c897b34589762d76b3ca308a",
        "is_verified": false,
        "line_number": 294,
        "is_secret": false
      },
      {
        "type": "Base64 High Entropy String",
        "filename": "python/raft-ann-bench/src/raft_ann_bench/run/conf/fashion-mnist-784-euclidean.json",
        "hashed_secret": "6682cc35a80d242dea4effb6b80b2694cba10c73",
        "is_verified": false,
        "line_number": 315,
        "is_secret": false
      },
      {
        "type": "Base64 High Entropy String",
        "filename": "python/raft-ann-bench/src/raft_ann_bench/run/conf/fashion-mnist-784-euclidean.json",
        "hashed_secret": "cc38a173bb1b829cec7c093f73a49fa54938a790",
        "is_verified": false,
        "line_number": 356,
        "is_secret": false
      },
      {
        "type": "Base64 High Entropy String",
        "filename": "python/raft-ann-bench/src/raft_ann_bench/run/conf/fashion-mnist-784-euclidean.json",
        "hashed_secret": "448b21ce5bac5b9bef2e30d5670dc02b9c447371",
        "is_verified": false,
        "line_number": 383,
        "is_secret": false
      },
      {
        "type": "Base64 High Entropy String",
        "filename": "python/raft-ann-bench/src/raft_ann_bench/run/conf/fashion-mnist-784-euclidean.json",
        "hashed_secret": "91fc9310b15904753a0c15c3f826d0e268b0ac2b",
        "is_verified": false,
        "line_number": 392,
        "is_secret": false
      },
      {
        "type": "Base64 High Entropy String",
        "filename": "python/raft-ann-bench/src/raft_ann_bench/run/conf/fashion-mnist-784-euclidean.json",
        "hashed_secret": "64d75c0f8f9c9da775628f080376f29407b5690b",
        "is_verified": false,
        "line_number": 419,
        "is_secret": false
      },
      {
        "type": "Base64 High Entropy String",
        "filename": "python/raft-ann-bench/src/raft_ann_bench/run/conf/fashion-mnist-784-euclidean.json",
        "hashed_secret": "3f8fa98701dffb4fee69a45eb2db4e80d05c0dcf",
        "is_verified": false,
        "line_number": 428,
        "is_secret": false
      },
      {
        "type": "Base64 High Entropy String",
        "filename": "python/raft-ann-bench/src/raft_ann_bench/run/conf/fashion-mnist-784-euclidean.json",
        "hashed_secret": "27561c6574698595705d5d68b7a10c578a4a0b94",
        "is_verified": false,
        "line_number": 455,
        "is_secret": false
      },
      {
        "type": "Base64 High Entropy String",
        "filename": "python/raft-ann-bench/src/raft_ann_bench/run/conf/fashion-mnist-784-euclidean.json",
        "hashed_secret": "cafa07f36171478ef4886e487cfe39aa18e4ec42",
        "is_verified": false,
        "line_number": 464,
        "is_secret": false
      },
      {
        "type": "Base64 High Entropy String",
        "filename": "python/raft-ann-bench/src/raft_ann_bench/run/conf/fashion-mnist-784-euclidean.json",
        "hashed_secret": "44084efc69109591973f9636995237b054e65e2b",
        "is_verified": false,
        "line_number": 491,
        "is_secret": false
      },
      {
        "type": "Base64 High Entropy String",
        "filename": "python/raft-ann-bench/src/raft_ann_bench/run/conf/fashion-mnist-784-euclidean.json",
        "hashed_secret": "c343c929a52139cf75577fce6de51c8232115240",
        "is_verified": false,
        "line_number": 500,
        "is_secret": false
      },
      {
        "type": "Base64 High Entropy String",
        "filename": "python/raft-ann-bench/src/raft_ann_bench/run/conf/fashion-mnist-784-euclidean.json",
        "hashed_secret": "2145bd9d40c67e89ee7729471c12630698edc7cb",
        "is_verified": false,
        "line_number": 530,
        "is_secret": false
      },
      {
        "type": "Base64 High Entropy String",
        "filename": "python/raft-ann-bench/src/raft_ann_bench/run/conf/fashion-mnist-784-euclidean.json",
        "hashed_secret": "5fbd4686b635ccfc8a619a7b40df908161a0f0bb",
        "is_verified": false,
        "line_number": 735,
        "is_secret": false
      },
      {
        "type": "Base64 High Entropy String",
        "filename": "python/raft-ann-bench/src/raft_ann_bench/run/conf/fashion-mnist-784-euclidean.json",
        "hashed_secret": "4f62c69a3727678dcda79ef180a1bb473536d049",
        "is_verified": false,
        "line_number": 774,
        "is_secret": false
      },
      {
        "type": "Base64 High Entropy String",
        "filename": "python/raft-ann-bench/src/raft_ann_bench/run/conf/fashion-mnist-784-euclidean.json",
        "hashed_secret": "6122e48a19e4b089c2fead2b75384b70046bb288",
        "is_verified": false,
        "line_number": 785,
        "is_secret": false
      },
      {
        "type": "Base64 High Entropy String",
        "filename": "python/raft-ann-bench/src/raft_ann_bench/run/conf/fashion-mnist-784-euclidean.json",
        "hashed_secret": "94734dedb84341de19030fbff83bd8d844607ab4",
        "is_verified": false,
        "line_number": 842,
        "is_secret": false
      },
      {
        "type": "Base64 High Entropy String",
        "filename": "python/raft-ann-bench/src/raft_ann_bench/run/conf/fashion-mnist-784-euclidean.json",
        "hashed_secret": "d10f6f0c7fe4ed3c093baccb88b95f868ce3ea41",
        "is_verified": false,
        "line_number": 853,
        "is_secret": false
      },
      {
        "type": "Base64 High Entropy String",
        "filename": "python/raft-ann-bench/src/raft_ann_bench/run/conf/fashion-mnist-784-euclidean.json",
        "hashed_secret": "f7bc72d2147a40f6b88d40a153d7f05ebc4d2821",
        "is_verified": false,
        "line_number": 892,
        "is_secret": false
      },
      {
        "type": "Base64 High Entropy String",
        "filename": "python/raft-ann-bench/src/raft_ann_bench/run/conf/fashion-mnist-784-euclidean.json",
        "hashed_secret": "9a6225bce29d11834c0c5a02d88a12484796f313",
        "is_verified": false,
        "line_number": 903,
        "is_secret": false
      },
      {
        "type": "Base64 High Entropy String",
        "filename": "python/raft-ann-bench/src/raft_ann_bench/run/conf/fashion-mnist-784-euclidean.json",
        "hashed_secret": "e77f3bbfecd84952e53c8a0ecfe93696c1678a5f",
        "is_verified": false,
        "line_number": 942,
        "is_secret": false
      },
      {
        "type": "Base64 High Entropy String",
        "filename": "python/raft-ann-bench/src/raft_ann_bench/run/conf/fashion-mnist-784-euclidean.json",
        "hashed_secret": "2fbac29ff2e8a1e88fc8a7bb76fdcc8c579c31f0",
        "is_verified": false,
        "line_number": 953,
        "is_secret": false
      },
      {
        "type": "Base64 High Entropy String",
        "filename": "python/raft-ann-bench/src/raft_ann_bench/run/conf/fashion-mnist-784-euclidean.json",
        "hashed_secret": "82415b4c718243bf390887212c271ecc64030aac",
        "is_verified": false,
        "line_number": 992,
        "is_secret": false
      },
      {
        "type": "Base64 High Entropy String",
        "filename": "python/raft-ann-bench/src/raft_ann_bench/run/conf/fashion-mnist-784-euclidean.json",
        "hashed_secret": "a6ae219f4e1a33630d8191917d1f123f51f14b4e",
        "is_verified": false,
        "line_number": 1003,
        "is_secret": false
      },
      {
        "type": "Base64 High Entropy String",
        "filename": "python/raft-ann-bench/src/raft_ann_bench/run/conf/fashion-mnist-784-euclidean.json",
        "hashed_secret": "46239579d07e3e1993bdac2b7bfb9e128b9e9cdd",
        "is_verified": false,
        "line_number": 1042,
        "is_secret": false
      },
      {
        "type": "Base64 High Entropy String",
        "filename": "python/raft-ann-bench/src/raft_ann_bench/run/conf/fashion-mnist-784-euclidean.json",
        "hashed_secret": "bd18a79785001e7a2448cf2574117c71713bf2a2",
        "is_verified": false,
        "line_number": 1053,
        "is_secret": false
      },
      {
        "type": "Base64 High Entropy String",
        "filename": "python/raft-ann-bench/src/raft_ann_bench/run/conf/fashion-mnist-784-euclidean.json",
        "hashed_secret": "88f886b2a0d0b427cdb3c1d6d4c26bb45c516a1d",
        "is_verified": false,
        "line_number": 1092,
        "is_secret": false
      },
      {
        "type": "Base64 High Entropy String",
        "filename": "python/raft-ann-bench/src/raft_ann_bench/run/conf/fashion-mnist-784-euclidean.json",
        "hashed_secret": "c583f65169888b3b19d76fcf90d1075eccddf311",
        "is_verified": false,
        "line_number": 1103,
        "is_secret": false
      },
      {
        "type": "Base64 High Entropy String",
        "filename": "python/raft-ann-bench/src/raft_ann_bench/run/conf/fashion-mnist-784-euclidean.json",
        "hashed_secret": "814a3c65ef0a7d299a31baa80332d22b41f1aba8",
        "is_verified": false,
        "line_number": 1142,
        "is_secret": false
      },
      {
        "type": "Base64 High Entropy String",
        "filename": "python/raft-ann-bench/src/raft_ann_bench/run/conf/fashion-mnist-784-euclidean.json",
        "hashed_secret": "842850c4e5e36758ef27e2a70dd5a6fc720d2301",
        "is_verified": false,
        "line_number": 1153,
        "is_secret": false
      },
      {
        "type": "Base64 High Entropy String",
        "filename": "python/raft-ann-bench/src/raft_ann_bench/run/conf/fashion-mnist-784-euclidean.json",
        "hashed_secret": "f53abd1bd1a4bc7a9fa90d1d3bb1cf5ad2aa9557",
        "is_verified": false,
        "line_number": 1192,
        "is_secret": false
      },
      {
        "type": "Base64 High Entropy String",
        "filename": "python/raft-ann-bench/src/raft_ann_bench/run/conf/fashion-mnist-784-euclidean.json",
        "hashed_secret": "87c137fca819b55f49f07e0f2fecc1603bef092e",
        "is_verified": false,
        "line_number": 1203,
        "is_secret": false
      },
      {
        "type": "Base64 High Entropy String",
        "filename": "python/raft-ann-bench/src/raft_ann_bench/run/conf/fashion-mnist-784-euclidean.json",
        "hashed_secret": "adc962497d2388019a8740911ac6e90dd1ac065d",
        "is_verified": false,
        "line_number": 1242,
        "is_secret": false
      }
    ],
    "python/raft-ann-bench/src/raft_ann_bench/run/conf/gist-960-euclidean.json": [
      {
        "type": "Base64 High Entropy String",
        "filename": "python/raft-ann-bench/src/raft_ann_bench/run/conf/gist-960-euclidean.json",
        "hashed_secret": "716a6c961e9745a1dba6a8c6a396de7b0d60ce7b",
        "is_verified": false,
        "line_number": 293,
        "is_secret": false
      },
      {
        "type": "Base64 High Entropy String",
        "filename": "python/raft-ann-bench/src/raft_ann_bench/run/conf/gist-960-euclidean.json",
        "hashed_secret": "811ece51a523be34d21fca4aa6a5841a91b8adb4",
        "is_verified": false,
        "line_number": 314,
        "is_secret": false
      },
      {
        "type": "Base64 High Entropy String",
        "filename": "python/raft-ann-bench/src/raft_ann_bench/run/conf/gist-960-euclidean.json",
        "hashed_secret": "7cc8e267139c6c572eb07711fa4663b3cdc73b6c",
        "is_verified": false,
        "line_number": 734,
        "is_secret": false
      },
      {
        "type": "Base64 High Entropy String",
        "filename": "python/raft-ann-bench/src/raft_ann_bench/run/conf/gist-960-euclidean.json",
        "hashed_secret": "64ee386e3734c60628a156d0d1f12ba5b64a88a1",
        "is_verified": false,
        "line_number": 773,
        "is_secret": false
      },
      {
        "type": "Base64 High Entropy String",
        "filename": "python/raft-ann-bench/src/raft_ann_bench/run/conf/gist-960-euclidean.json",
        "hashed_secret": "67f74059a9cd104f540753dcf64e63443b1811cd",
        "is_verified": false,
        "line_number": 784,
        "is_secret": false
      },
      {
        "type": "Base64 High Entropy String",
        "filename": "python/raft-ann-bench/src/raft_ann_bench/run/conf/gist-960-euclidean.json",
        "hashed_secret": "63e5d24c06c434662127f51b5c01bd99485bfd2a",
        "is_verified": false,
        "line_number": 841,
        "is_secret": false
      },
      {
        "type": "Base64 High Entropy String",
        "filename": "python/raft-ann-bench/src/raft_ann_bench/run/conf/gist-960-euclidean.json",
        "hashed_secret": "2a42a545e2fa3e012a1ca601a3fa63c0e5415562",
        "is_verified": false,
        "line_number": 852,
        "is_secret": false
      },
      {
        "type": "Base64 High Entropy String",
        "filename": "python/raft-ann-bench/src/raft_ann_bench/run/conf/gist-960-euclidean.json",
        "hashed_secret": "d35549308532ddc80efd99367828bc2adf188588",
        "is_verified": false,
        "line_number": 891,
        "is_secret": false
      },
      {
        "type": "Base64 High Entropy String",
        "filename": "python/raft-ann-bench/src/raft_ann_bench/run/conf/gist-960-euclidean.json",
        "hashed_secret": "9b38a9b9e8dcaeb84883501b0c469c854eae58d1",
        "is_verified": false,
        "line_number": 902,
        "is_secret": false
      },
      {
        "type": "Base64 High Entropy String",
        "filename": "python/raft-ann-bench/src/raft_ann_bench/run/conf/gist-960-euclidean.json",
        "hashed_secret": "72b6251613dad823da11384a799aff4c6d8552da",
        "is_verified": false,
        "line_number": 941,
        "is_secret": false
      },
      {
        "type": "Base64 High Entropy String",
        "filename": "python/raft-ann-bench/src/raft_ann_bench/run/conf/gist-960-euclidean.json",
        "hashed_secret": "f27e98e65dcbc43b90d932406943224a915d7ba5",
        "is_verified": false,
        "line_number": 952,
        "is_secret": false
      },
      {
        "type": "Base64 High Entropy String",
        "filename": "python/raft-ann-bench/src/raft_ann_bench/run/conf/gist-960-euclidean.json",
        "hashed_secret": "cd6de0c248a8146dc8b0784448493a9412eba5fc",
        "is_verified": false,
        "line_number": 991,
        "is_secret": false
      },
      {
        "type": "Base64 High Entropy String",
        "filename": "python/raft-ann-bench/src/raft_ann_bench/run/conf/gist-960-euclidean.json",
        "hashed_secret": "485b1e8603f86b000a077d4236ecf2d1396c1bf8",
        "is_verified": false,
        "line_number": 1002,
        "is_secret": false
      },
      {
        "type": "Base64 High Entropy String",
        "filename": "python/raft-ann-bench/src/raft_ann_bench/run/conf/gist-960-euclidean.json",
        "hashed_secret": "e1770f6435082f2a4034eeb39b64b095156a9713",
        "is_verified": false,
        "line_number": 1041,
        "is_secret": false
      },
      {
        "type": "Base64 High Entropy String",
        "filename": "python/raft-ann-bench/src/raft_ann_bench/run/conf/gist-960-euclidean.json",
        "hashed_secret": "13ab7ccbbb474d47e9c52562beb58b5d7cbd615a",
        "is_verified": false,
        "line_number": 1052,
        "is_secret": false
      },
      {
        "type": "Base64 High Entropy String",
        "filename": "python/raft-ann-bench/src/raft_ann_bench/run/conf/gist-960-euclidean.json",
        "hashed_secret": "3752bcd7a6899426a71b4666013c37d44a22d1ce",
        "is_verified": false,
        "line_number": 1091,
        "is_secret": false
      },
      {
        "type": "Base64 High Entropy String",
        "filename": "python/raft-ann-bench/src/raft_ann_bench/run/conf/gist-960-euclidean.json",
        "hashed_secret": "5c5249e6c87ec1f384de6f82593a86431aa5622f",
        "is_verified": false,
        "line_number": 1102,
        "is_secret": false
      },
      {
        "type": "Base64 High Entropy String",
        "filename": "python/raft-ann-bench/src/raft_ann_bench/run/conf/gist-960-euclidean.json",
        "hashed_secret": "b692615b3529b3308e22998e3c4c3fdb171f9ba2",
        "is_verified": false,
        "line_number": 1141,
        "is_secret": false
      },
      {
        "type": "Base64 High Entropy String",
        "filename": "python/raft-ann-bench/src/raft_ann_bench/run/conf/gist-960-euclidean.json",
        "hashed_secret": "64c593510c13a4b7edeb36457de8eb54bc1708c1",
        "is_verified": false,
        "line_number": 1152,
        "is_secret": false
      },
      {
        "type": "Base64 High Entropy String",
        "filename": "python/raft-ann-bench/src/raft_ann_bench/run/conf/gist-960-euclidean.json",
        "hashed_secret": "d85de93ec3a3863b1b63a0f487dd5045ac214070",
        "is_verified": false,
        "line_number": 1191,
        "is_secret": false
      },
      {
        "type": "Base64 High Entropy String",
        "filename": "python/raft-ann-bench/src/raft_ann_bench/run/conf/gist-960-euclidean.json",
        "hashed_secret": "e25d64fe26e088b8a8d875db5e5650dc921574ae",
        "is_verified": false,
        "line_number": 1202,
        "is_secret": false
      },
      {
        "type": "Base64 High Entropy String",
        "filename": "python/raft-ann-bench/src/raft_ann_bench/run/conf/gist-960-euclidean.json",
        "hashed_secret": "cb6d2d8c05672633edbb2f57ac359c21ece2cc77",
        "is_verified": false,
        "line_number": 1241,
        "is_secret": false
      }
    ],
    "python/raft-ann-bench/src/raft_ann_bench/run/conf/glove-100-angular.json": [
      {
        "type": "Base64 High Entropy String",
        "filename": "python/raft-ann-bench/src/raft_ann_bench/run/conf/glove-100-angular.json",
        "hashed_secret": "49e7010471376ad11e6b6d4c669c7d38cb0723b1",
        "is_verified": false,
        "line_number": 293,
        "is_secret": false
      },
      {
        "type": "Base64 High Entropy String",
        "filename": "python/raft-ann-bench/src/raft_ann_bench/run/conf/glove-100-angular.json",
        "hashed_secret": "a77b68213be868b14814ac0b3f5a68688c57493c",
        "is_verified": false,
        "line_number": 391,
        "is_secret": false
      },
      {
        "type": "Base64 High Entropy String",
        "filename": "python/raft-ann-bench/src/raft_ann_bench/run/conf/glove-100-angular.json",
        "hashed_secret": "09521706a81e5e5856d8ab58c91cf6ca6bf7e068",
        "is_verified": false,
        "line_number": 463,
        "is_secret": false
      },
      {
        "type": "Base64 High Entropy String",
        "filename": "python/raft-ann-bench/src/raft_ann_bench/run/conf/glove-100-angular.json",
        "hashed_secret": "197e8d5f8a10de90b640f3dec0a2fb08c467c2b4",
        "is_verified": false,
        "line_number": 499,
        "is_secret": false
      },
      {
        "type": "Base64 High Entropy String",
        "filename": "python/raft-ann-bench/src/raft_ann_bench/run/conf/glove-100-angular.json",
        "hashed_secret": "ce061dd8f8b1162db10e244867a56258e3cb77b2",
        "is_verified": false,
        "line_number": 682,
        "is_secret": false
      },
      {
        "type": "Base64 High Entropy String",
        "filename": "python/raft-ann-bench/src/raft_ann_bench/run/conf/glove-100-angular.json",
        "hashed_secret": "88ea775a1a1f19e329e58c21cd4618e8775bcbe9",
        "is_verified": false,
        "line_number": 734,
        "is_secret": false
      },
      {
        "type": "Base64 High Entropy String",
        "filename": "python/raft-ann-bench/src/raft_ann_bench/run/conf/glove-100-angular.json",
        "hashed_secret": "8e48a4e7117f8873e4d5034968cb7f2cc8ba060a",
        "is_verified": false,
        "line_number": 773,
        "is_secret": false
      },
      {
        "type": "Base64 High Entropy String",
        "filename": "python/raft-ann-bench/src/raft_ann_bench/run/conf/glove-100-angular.json",
        "hashed_secret": "aafc3f227459dff436fe66c0d68c905c50593cd6",
        "is_verified": false,
        "line_number": 784,
        "is_secret": false
      },
      {
        "type": "Base64 High Entropy String",
        "filename": "python/raft-ann-bench/src/raft_ann_bench/run/conf/glove-100-angular.json",
        "hashed_secret": "69b0c04f35f77ac1f74bcf3fb0c6645b640b5649",
        "is_verified": false,
        "line_number": 841,
        "is_secret": false
      },
      {
        "type": "Base64 High Entropy String",
        "filename": "python/raft-ann-bench/src/raft_ann_bench/run/conf/glove-100-angular.json",
        "hashed_secret": "4163f6fb2f7510fe7c92dd7b376b0df7ede3248d",
        "is_verified": false,
        "line_number": 852,
        "is_secret": false
      },
      {
        "type": "Base64 High Entropy String",
        "filename": "python/raft-ann-bench/src/raft_ann_bench/run/conf/glove-100-angular.json",
        "hashed_secret": "b6281a94cade83f7a5a01191951a792d8de22249",
        "is_verified": false,
        "line_number": 891,
        "is_secret": false
      },
      {
        "type": "Base64 High Entropy String",
        "filename": "python/raft-ann-bench/src/raft_ann_bench/run/conf/glove-100-angular.json",
        "hashed_secret": "af9068a75a76a407e9559f767e8b616b8040f345",
        "is_verified": false,
        "line_number": 902,
        "is_secret": false
      },
      {
        "type": "Base64 High Entropy String",
        "filename": "python/raft-ann-bench/src/raft_ann_bench/run/conf/glove-100-angular.json",
        "hashed_secret": "77c44a52b995f4416868a02a0e19709da7afffdf",
        "is_verified": false,
        "line_number": 941,
        "is_secret": false
      },
      {
        "type": "Base64 High Entropy String",
        "filename": "python/raft-ann-bench/src/raft_ann_bench/run/conf/glove-100-angular.json",
        "hashed_secret": "3cba95fc2c4ac397400c3d7e0c0224deae0eb319",
        "is_verified": false,
        "line_number": 952,
        "is_secret": false
      },
      {
        "type": "Base64 High Entropy String",
        "filename": "python/raft-ann-bench/src/raft_ann_bench/run/conf/glove-100-angular.json",
        "hashed_secret": "186244f7c24e0c95e9b501af7f01084d104f51e6",
        "is_verified": false,
        "line_number": 991,
        "is_secret": false
      },
      {
        "type": "Base64 High Entropy String",
        "filename": "python/raft-ann-bench/src/raft_ann_bench/run/conf/glove-100-angular.json",
        "hashed_secret": "49b3c3537f03f954c3810b62d499d262990098d0",
        "is_verified": false,
        "line_number": 1002,
        "is_secret": false
      },
      {
        "type": "Base64 High Entropy String",
        "filename": "python/raft-ann-bench/src/raft_ann_bench/run/conf/glove-100-angular.json",
        "hashed_secret": "92a9af941b8627afbb9c34d15f4800d132026dc5",
        "is_verified": false,
        "line_number": 1041,
        "is_secret": false
      },
      {
        "type": "Base64 High Entropy String",
        "filename": "python/raft-ann-bench/src/raft_ann_bench/run/conf/glove-100-angular.json",
        "hashed_secret": "b159dc9b3ab9669c60456ea385fa04be2f84c872",
        "is_verified": false,
        "line_number": 1052,
        "is_secret": false
      },
      {
        "type": "Base64 High Entropy String",
        "filename": "python/raft-ann-bench/src/raft_ann_bench/run/conf/glove-100-angular.json",
        "hashed_secret": "e37ffe96afc689d96ab61d756b48f376d39a78b1",
        "is_verified": false,
        "line_number": 1091,
        "is_secret": false
      },
      {
        "type": "Base64 High Entropy String",
        "filename": "python/raft-ann-bench/src/raft_ann_bench/run/conf/glove-100-angular.json",
        "hashed_secret": "52511f7fa61d9a30a078bd39e9fa152296395d2e",
        "is_verified": false,
        "line_number": 1102,
        "is_secret": false
      },
      {
        "type": "Base64 High Entropy String",
        "filename": "python/raft-ann-bench/src/raft_ann_bench/run/conf/glove-100-angular.json",
        "hashed_secret": "5f37f82a73e14ffd0dc399b3bdd2816362ce5aad",
        "is_verified": false,
        "line_number": 1141,
        "is_secret": false
      },
      {
        "type": "Base64 High Entropy String",
        "filename": "python/raft-ann-bench/src/raft_ann_bench/run/conf/glove-100-angular.json",
        "hashed_secret": "a11898b55abfdbfa1ce407645c3dd513e6dd07cf",
        "is_verified": false,
        "line_number": 1152,
        "is_secret": false
      },
      {
        "type": "Base64 High Entropy String",
        "filename": "python/raft-ann-bench/src/raft_ann_bench/run/conf/glove-100-angular.json",
        "hashed_secret": "b0e3437e8a5135793dd9842cfae5773975c97ffd",
        "is_verified": false,
        "line_number": 1191,
        "is_secret": false
      },
      {
        "type": "Base64 High Entropy String",
        "filename": "python/raft-ann-bench/src/raft_ann_bench/run/conf/glove-100-angular.json",
        "hashed_secret": "12de6554dc4990e353109ac52d8f76e401bd94da",
        "is_verified": false,
        "line_number": 1202,
        "is_secret": false
      },
      {
        "type": "Base64 High Entropy String",
        "filename": "python/raft-ann-bench/src/raft_ann_bench/run/conf/glove-100-angular.json",
        "hashed_secret": "dd811aa8158ee741acfecef82de591b8269f10e7",
        "is_verified": false,
        "line_number": 1241,
        "is_secret": false
      }
    ],
    "python/raft-ann-bench/src/raft_ann_bench/run/conf/glove-100-inner.json": [
      {
        "type": "Base64 High Entropy String",
        "filename": "python/raft-ann-bench/src/raft_ann_bench/run/conf/glove-100-inner.json",
        "hashed_secret": "567a88787f3dfa303865b922936bd9b5a2f6467a",
        "is_verified": false,
        "line_number": 285,
        "is_secret": false
      },
      {
        "type": "Base64 High Entropy String",
        "filename": "python/raft-ann-bench/src/raft_ann_bench/run/conf/glove-100-inner.json",
        "hashed_secret": "305ca1d6f7b9b544e0f962ba2d6f14d248b0274b",
        "is_verified": false,
        "line_number": 697,
        "is_secret": false
      },
      {
        "type": "Base64 High Entropy String",
        "filename": "python/raft-ann-bench/src/raft_ann_bench/run/conf/glove-100-inner.json",
        "hashed_secret": "4d601a2682b32e87a6d228975c411ae92e9caac4",
        "is_verified": false,
        "line_number": 736,
        "is_secret": false
      },
      {
        "type": "Base64 High Entropy String",
        "filename": "python/raft-ann-bench/src/raft_ann_bench/run/conf/glove-100-inner.json",
        "hashed_secret": "634393c9cea1e82bfce6b786e19e8ea9f3493d3a",
        "is_verified": false,
        "line_number": 747,
        "is_secret": false
      },
      {
        "type": "Base64 High Entropy String",
        "filename": "python/raft-ann-bench/src/raft_ann_bench/run/conf/glove-100-inner.json",
        "hashed_secret": "d249d5af069d8e75b6a3a9aeded5b93697be9e4e",
        "is_verified": false,
        "line_number": 804,
        "is_secret": false
      },
      {
        "type": "Base64 High Entropy String",
        "filename": "python/raft-ann-bench/src/raft_ann_bench/run/conf/glove-100-inner.json",
        "hashed_secret": "cf1886d0b73d07006e9eda887e5565003123210f",
        "is_verified": false,
        "line_number": 815,
        "is_secret": false
      },
      {
        "type": "Base64 High Entropy String",
        "filename": "python/raft-ann-bench/src/raft_ann_bench/run/conf/glove-100-inner.json",
        "hashed_secret": "b38ecc5fdc27310b62d1e1e1ed89368e06809884",
        "is_verified": false,
        "line_number": 854,
        "is_secret": false
      },
      {
        "type": "Base64 High Entropy String",
        "filename": "python/raft-ann-bench/src/raft_ann_bench/run/conf/glove-100-inner.json",
        "hashed_secret": "e099e01d6adec627729fca46d0ec69284ada2233",
        "is_verified": false,
        "line_number": 865,
        "is_secret": false
      },
      {
        "type": "Base64 High Entropy String",
        "filename": "python/raft-ann-bench/src/raft_ann_bench/run/conf/glove-100-inner.json",
        "hashed_secret": "b5223b77cf9d0a3e47d83f33219a4f7d541ce323",
        "is_verified": false,
        "line_number": 904,
        "is_secret": false
      },
      {
        "type": "Base64 High Entropy String",
        "filename": "python/raft-ann-bench/src/raft_ann_bench/run/conf/glove-100-inner.json",
        "hashed_secret": "8843ea757368d4c6384da1b28233f90f37b76934",
        "is_verified": false,
        "line_number": 915,
        "is_secret": false
      },
      {
        "type": "Base64 High Entropy String",
        "filename": "python/raft-ann-bench/src/raft_ann_bench/run/conf/glove-100-inner.json",
        "hashed_secret": "b62fa4faf7e4b1e7eab49835f436671ae64e649a",
        "is_verified": false,
        "line_number": 954,
        "is_secret": false
      },
      {
        "type": "Base64 High Entropy String",
        "filename": "python/raft-ann-bench/src/raft_ann_bench/run/conf/glove-100-inner.json",
        "hashed_secret": "7280a8be759186bd9375164d3699677dc92dd32b",
        "is_verified": false,
        "line_number": 965,
        "is_secret": false
      },
      {
        "type": "Base64 High Entropy String",
        "filename": "python/raft-ann-bench/src/raft_ann_bench/run/conf/glove-100-inner.json",
        "hashed_secret": "cf888a068ff0785acec0215b1a70d01e679d6525",
        "is_verified": false,
        "line_number": 1004,
        "is_secret": false
      },
      {
        "type": "Base64 High Entropy String",
        "filename": "python/raft-ann-bench/src/raft_ann_bench/run/conf/glove-100-inner.json",
        "hashed_secret": "5805e0eef94412932bf0a42993254c1d9ae28ec8",
        "is_verified": false,
        "line_number": 1015,
        "is_secret": false
      },
      {
        "type": "Base64 High Entropy String",
        "filename": "python/raft-ann-bench/src/raft_ann_bench/run/conf/glove-100-inner.json",
        "hashed_secret": "4174f36d5ace09e880ad69933ffa138eedc1113f",
        "is_verified": false,
        "line_number": 1054,
        "is_secret": false
      },
      {
        "type": "Base64 High Entropy String",
        "filename": "python/raft-ann-bench/src/raft_ann_bench/run/conf/glove-100-inner.json",
        "hashed_secret": "2b1dbaf064ce672ed117f6d29728021d67c58c1b",
        "is_verified": false,
        "line_number": 1065,
        "is_secret": false
      },
      {
        "type": "Base64 High Entropy String",
        "filename": "python/raft-ann-bench/src/raft_ann_bench/run/conf/glove-100-inner.json",
        "hashed_secret": "b7e51870eab8a6ce42b90ac64cf99124c9eb4eb8",
        "is_verified": false,
        "line_number": 1104,
        "is_secret": false
      },
      {
        "type": "Base64 High Entropy String",
        "filename": "python/raft-ann-bench/src/raft_ann_bench/run/conf/glove-100-inner.json",
        "hashed_secret": "ff3aaec25b562e6e7fc1676d372b559dac8b4074",
        "is_verified": false,
        "line_number": 1115,
        "is_secret": false
      },
      {
        "type": "Base64 High Entropy String",
        "filename": "python/raft-ann-bench/src/raft_ann_bench/run/conf/glove-100-inner.json",
        "hashed_secret": "1f55df6b29b966d7ea61ab7566d2e17896971f9f",
        "is_verified": false,
        "line_number": 1154,
        "is_secret": false
      },
      {
        "type": "Base64 High Entropy String",
        "filename": "python/raft-ann-bench/src/raft_ann_bench/run/conf/glove-100-inner.json",
        "hashed_secret": "124610cbe1a6c892176545cecbbd476eb9cc5ed7",
        "is_verified": false,
        "line_number": 1165,
        "is_secret": false
      },
      {
        "type": "Base64 High Entropy String",
        "filename": "python/raft-ann-bench/src/raft_ann_bench/run/conf/glove-100-inner.json",
        "hashed_secret": "0c5ad03e59d7a2c1b5ea98c521b038b3e9acd193",
        "is_verified": false,
        "line_number": 1204,
        "is_secret": false
      }
    ],
    "python/raft-ann-bench/src/raft_ann_bench/run/conf/glove-50-angular.json": [
      {
        "type": "Base64 High Entropy String",
        "filename": "python/raft-ann-bench/src/raft_ann_bench/run/conf/glove-50-angular.json",
        "hashed_secret": "d3aefa0785d1a48c1da946d2ffd50ecbbdfde8a5",
        "is_verified": false,
        "line_number": 293,
        "is_secret": false
      },
      {
        "type": "Base64 High Entropy String",
        "filename": "python/raft-ann-bench/src/raft_ann_bench/run/conf/glove-50-angular.json",
        "hashed_secret": "f1b6f9c8b55036f20a24788e68b02dd6fcb7816b",
        "is_verified": false,
        "line_number": 314,
        "is_secret": false
      },
      {
        "type": "Base64 High Entropy String",
        "filename": "python/raft-ann-bench/src/raft_ann_bench/run/conf/glove-50-angular.json",
        "hashed_secret": "1f7319d3148944a3545b15c1b28ee1b6dfbbb0c8",
        "is_verified": false,
        "line_number": 355,
        "is_secret": false
      },
      {
        "type": "Base64 High Entropy String",
        "filename": "python/raft-ann-bench/src/raft_ann_bench/run/conf/glove-50-angular.json",
        "hashed_secret": "e54f8587f8856bc74f6a7bd06b02b49222024f5b",
        "is_verified": false,
        "line_number": 391,
        "is_secret": false
      },
      {
        "type": "Base64 High Entropy String",
        "filename": "python/raft-ann-bench/src/raft_ann_bench/run/conf/glove-50-angular.json",
        "hashed_secret": "0487b320eb09deea0eb922171e3a55a87350398a",
        "is_verified": false,
        "line_number": 427,
        "is_secret": false
      },
      {
        "type": "Base64 High Entropy String",
        "filename": "python/raft-ann-bench/src/raft_ann_bench/run/conf/glove-50-angular.json",
        "hashed_secret": "971a7133eaecade969f2f6d09ca94fd52b8366db",
        "is_verified": false,
        "line_number": 463,
        "is_secret": false
      },
      {
        "type": "Base64 High Entropy String",
        "filename": "python/raft-ann-bench/src/raft_ann_bench/run/conf/glove-50-angular.json",
        "hashed_secret": "902b879ed3085f67c3e258ea8ce8f2114d645299",
        "is_verified": false,
        "line_number": 499,
        "is_secret": false
      },
      {
        "type": "Base64 High Entropy String",
        "filename": "python/raft-ann-bench/src/raft_ann_bench/run/conf/glove-50-angular.json",
        "hashed_secret": "919099f6680e11fb3363a0c2fcd2754773375104",
        "is_verified": false,
        "line_number": 682,
        "is_secret": false
      },
      {
        "type": "Base64 High Entropy String",
        "filename": "python/raft-ann-bench/src/raft_ann_bench/run/conf/glove-50-angular.json",
        "hashed_secret": "0b36874c8a718bc69810d2a10b4db07968bca3e3",
        "is_verified": false,
        "line_number": 734,
        "is_secret": false
      },
      {
        "type": "Base64 High Entropy String",
        "filename": "python/raft-ann-bench/src/raft_ann_bench/run/conf/glove-50-angular.json",
        "hashed_secret": "480cd549536868b68773c4d9e2b2781df796e53e",
        "is_verified": false,
        "line_number": 773,
        "is_secret": false
      },
      {
        "type": "Base64 High Entropy String",
        "filename": "python/raft-ann-bench/src/raft_ann_bench/run/conf/glove-50-angular.json",
        "hashed_secret": "a5645b5e1943106c66b8f9d620619a226896a208",
        "is_verified": false,
        "line_number": 784,
        "is_secret": false
      },
      {
        "type": "Base64 High Entropy String",
        "filename": "python/raft-ann-bench/src/raft_ann_bench/run/conf/glove-50-angular.json",
        "hashed_secret": "08dacf1d6cfffc55d6be50b0adc58e51cb18fa39",
        "is_verified": false,
        "line_number": 841,
        "is_secret": false
      },
      {
        "type": "Base64 High Entropy String",
        "filename": "python/raft-ann-bench/src/raft_ann_bench/run/conf/glove-50-angular.json",
        "hashed_secret": "5f63757c65908e9864549ec427e641219988b776",
        "is_verified": false,
        "line_number": 852,
        "is_secret": false
      },
      {
        "type": "Base64 High Entropy String",
        "filename": "python/raft-ann-bench/src/raft_ann_bench/run/conf/glove-50-angular.json",
        "hashed_secret": "08a55a9311bfc757dfff7687453acbec67cd1dda",
        "is_verified": false,
        "line_number": 891,
        "is_secret": false
      },
      {
        "type": "Base64 High Entropy String",
        "filename": "python/raft-ann-bench/src/raft_ann_bench/run/conf/glove-50-angular.json",
        "hashed_secret": "4f035a3db30087b13550040a5365650bb33d419e",
        "is_verified": false,
        "line_number": 902,
        "is_secret": false
      },
      {
        "type": "Base64 High Entropy String",
        "filename": "python/raft-ann-bench/src/raft_ann_bench/run/conf/glove-50-angular.json",
        "hashed_secret": "9deb09bbca0145ad61e7762f2cd579f72cb3a7e0",
        "is_verified": false,
        "line_number": 941,
        "is_secret": false
      },
      {
        "type": "Base64 High Entropy String",
        "filename": "python/raft-ann-bench/src/raft_ann_bench/run/conf/glove-50-angular.json",
        "hashed_secret": "7d4a4f568df1c291ae0afdb62c167013b0d22efe",
        "is_verified": false,
        "line_number": 952,
        "is_secret": false
      },
      {
        "type": "Base64 High Entropy String",
        "filename": "python/raft-ann-bench/src/raft_ann_bench/run/conf/glove-50-angular.json",
        "hashed_secret": "59645296ae7b4a8a1899d8831c55755fc7345f9a",
        "is_verified": false,
        "line_number": 991,
        "is_secret": false
      },
      {
        "type": "Base64 High Entropy String",
        "filename": "python/raft-ann-bench/src/raft_ann_bench/run/conf/glove-50-angular.json",
        "hashed_secret": "82f77554bef4bc603d7277df700a4d67546df314",
        "is_verified": false,
        "line_number": 1002,
        "is_secret": false
      },
      {
        "type": "Base64 High Entropy String",
        "filename": "python/raft-ann-bench/src/raft_ann_bench/run/conf/glove-50-angular.json",
        "hashed_secret": "c750396bb082446ee867911d65b0d523bdf30100",
        "is_verified": false,
        "line_number": 1041,
        "is_secret": false
      },
      {
        "type": "Base64 High Entropy String",
        "filename": "python/raft-ann-bench/src/raft_ann_bench/run/conf/glove-50-angular.json",
        "hashed_secret": "18ccc16d0541e3277dae3e4d29ad1bf6a38854e1",
        "is_verified": false,
        "line_number": 1052,
        "is_secret": false
      },
      {
        "type": "Base64 High Entropy String",
        "filename": "python/raft-ann-bench/src/raft_ann_bench/run/conf/glove-50-angular.json",
        "hashed_secret": "adb9f3622fc5e74a53a6d901cc6cadde05dc3681",
        "is_verified": false,
        "line_number": 1091,
        "is_secret": false
      },
      {
        "type": "Base64 High Entropy String",
        "filename": "python/raft-ann-bench/src/raft_ann_bench/run/conf/glove-50-angular.json",
        "hashed_secret": "a6134a3e67f4b16544477c4a1faf64143b0174d1",
        "is_verified": false,
        "line_number": 1102,
        "is_secret": false
      },
      {
        "type": "Base64 High Entropy String",
        "filename": "python/raft-ann-bench/src/raft_ann_bench/run/conf/glove-50-angular.json",
        "hashed_secret": "6aaf70cf8556f181b43d82cbc7c81ad63a8baa88",
        "is_verified": false,
        "line_number": 1141,
        "is_secret": false
      },
      {
        "type": "Base64 High Entropy String",
        "filename": "python/raft-ann-bench/src/raft_ann_bench/run/conf/glove-50-angular.json",
        "hashed_secret": "a09be351ae8e0b23934d2deb1a0aadee003b92a5",
        "is_verified": false,
        "line_number": 1152,
        "is_secret": false
      },
      {
        "type": "Base64 High Entropy String",
        "filename": "python/raft-ann-bench/src/raft_ann_bench/run/conf/glove-50-angular.json",
        "hashed_secret": "1f498ca27904070238bdc68eb452b2c2c71ca4bc",
        "is_verified": false,
        "line_number": 1191,
        "is_secret": false
      },
      {
        "type": "Base64 High Entropy String",
        "filename": "python/raft-ann-bench/src/raft_ann_bench/run/conf/glove-50-angular.json",
        "hashed_secret": "7bb59f699c7f88460712c798dedddb6ccb10ac39",
        "is_verified": false,
        "line_number": 1202,
        "is_secret": false
      },
      {
        "type": "Base64 High Entropy String",
        "filename": "python/raft-ann-bench/src/raft_ann_bench/run/conf/glove-50-angular.json",
        "hashed_secret": "7315db69f82547b027f609c6de959e3fa9467fd4",
        "is_verified": false,
        "line_number": 1241,
        "is_secret": false
      }
    ],
    "python/raft-ann-bench/src/raft_ann_bench/run/conf/glove-50-inner.json": [
      {
        "type": "Base64 High Entropy String",
        "filename": "python/raft-ann-bench/src/raft_ann_bench/run/conf/glove-50-inner.json",
        "hashed_secret": "be36baea5ad95e95e2f387900fa189652db18f41",
        "is_verified": false,
        "line_number": 734,
        "is_secret": false
      },
      {
        "type": "Base64 High Entropy String",
        "filename": "python/raft-ann-bench/src/raft_ann_bench/run/conf/glove-50-inner.json",
        "hashed_secret": "b0edea47488ba715c000af45a8248816d95f1cb2",
        "is_verified": false,
        "line_number": 773,
        "is_secret": false
      },
      {
        "type": "Base64 High Entropy String",
        "filename": "python/raft-ann-bench/src/raft_ann_bench/run/conf/glove-50-inner.json",
        "hashed_secret": "4e2b6e08ad36b8d01994eca7448014f2130f5780",
        "is_verified": false,
        "line_number": 784,
        "is_secret": false
      },
      {
        "type": "Base64 High Entropy String",
        "filename": "python/raft-ann-bench/src/raft_ann_bench/run/conf/glove-50-inner.json",
        "hashed_secret": "3983be92a092306f12bc0bc9b02b0ec740e5bd5c",
        "is_verified": false,
        "line_number": 841,
        "is_secret": false
      },
      {
        "type": "Base64 High Entropy String",
        "filename": "python/raft-ann-bench/src/raft_ann_bench/run/conf/glove-50-inner.json",
        "hashed_secret": "c54cd96cd924dac37fd38d8bb5f9323a51e5dfac",
        "is_verified": false,
        "line_number": 852,
        "is_secret": false
      },
      {
        "type": "Base64 High Entropy String",
        "filename": "python/raft-ann-bench/src/raft_ann_bench/run/conf/glove-50-inner.json",
        "hashed_secret": "ea1bceea2888fa0ac8f858d076fb508251433b49",
        "is_verified": false,
        "line_number": 891,
        "is_secret": false
      },
      {
        "type": "Base64 High Entropy String",
        "filename": "python/raft-ann-bench/src/raft_ann_bench/run/conf/glove-50-inner.json",
        "hashed_secret": "8651a6844611bf5794c1fed2ea066dcc6eda4906",
        "is_verified": false,
        "line_number": 902,
        "is_secret": false
      },
      {
        "type": "Base64 High Entropy String",
        "filename": "python/raft-ann-bench/src/raft_ann_bench/run/conf/glove-50-inner.json",
        "hashed_secret": "d50441ccc4d12d243763ae8bbcc23e9fbfddfdd4",
        "is_verified": false,
        "line_number": 941,
        "is_secret": false
      },
      {
        "type": "Base64 High Entropy String",
        "filename": "python/raft-ann-bench/src/raft_ann_bench/run/conf/glove-50-inner.json",
        "hashed_secret": "aede017123d944574ce8807753b33fa2781d70dd",
        "is_verified": false,
        "line_number": 952,
        "is_secret": false
      },
      {
        "type": "Base64 High Entropy String",
        "filename": "python/raft-ann-bench/src/raft_ann_bench/run/conf/glove-50-inner.json",
        "hashed_secret": "608e4d072c1f12d9d301e26b6f8ec91b0ccd4f43",
        "is_verified": false,
        "line_number": 991,
        "is_secret": false
      },
      {
        "type": "Base64 High Entropy String",
        "filename": "python/raft-ann-bench/src/raft_ann_bench/run/conf/glove-50-inner.json",
        "hashed_secret": "44e0be93c0864223e11905b65aab41f2515a8d5c",
        "is_verified": false,
        "line_number": 1002,
        "is_secret": false
      },
      {
        "type": "Base64 High Entropy String",
        "filename": "python/raft-ann-bench/src/raft_ann_bench/run/conf/glove-50-inner.json",
        "hashed_secret": "a8ef1f463e8bf5e57ce8e7ee7f67e0a75b2ab09f",
        "is_verified": false,
        "line_number": 1041,
        "is_secret": false
      },
      {
        "type": "Base64 High Entropy String",
        "filename": "python/raft-ann-bench/src/raft_ann_bench/run/conf/glove-50-inner.json",
        "hashed_secret": "b2db64aa241f78dc6caa4af816fe38c921bbeffa",
        "is_verified": false,
        "line_number": 1052,
        "is_secret": false
      },
      {
        "type": "Base64 High Entropy String",
        "filename": "python/raft-ann-bench/src/raft_ann_bench/run/conf/glove-50-inner.json",
        "hashed_secret": "987cf5cd750666f9667259e2af9833c2846a6cd5",
        "is_verified": false,
        "line_number": 1091,
        "is_secret": false
      },
      {
        "type": "Base64 High Entropy String",
        "filename": "python/raft-ann-bench/src/raft_ann_bench/run/conf/glove-50-inner.json",
        "hashed_secret": "1da7a35b2b5b4a90ebf3ca14827faefafe00ab70",
        "is_verified": false,
        "line_number": 1102,
        "is_secret": false
      },
      {
        "type": "Base64 High Entropy String",
        "filename": "python/raft-ann-bench/src/raft_ann_bench/run/conf/glove-50-inner.json",
        "hashed_secret": "d6b1ca5e6f1f93ced43a52ee32d2d614d7210332",
        "is_verified": false,
        "line_number": 1141,
        "is_secret": false
      },
      {
        "type": "Base64 High Entropy String",
        "filename": "python/raft-ann-bench/src/raft_ann_bench/run/conf/glove-50-inner.json",
        "hashed_secret": "db7e00a8034d0256d96b3a3da57eea244be15d92",
        "is_verified": false,
        "line_number": 1152,
        "is_secret": false
      },
      {
        "type": "Base64 High Entropy String",
        "filename": "python/raft-ann-bench/src/raft_ann_bench/run/conf/glove-50-inner.json",
        "hashed_secret": "0fc6b1e59da24cee91c0db04d8997732306de4fe",
        "is_verified": false,
        "line_number": 1191,
        "is_secret": false
      },
      {
        "type": "Base64 High Entropy String",
        "filename": "python/raft-ann-bench/src/raft_ann_bench/run/conf/glove-50-inner.json",
        "hashed_secret": "6532a956e9d4f63f0a60304f6e011b94aeb6446b",
        "is_verified": false,
        "line_number": 1202,
        "is_secret": false
      },
      {
        "type": "Base64 High Entropy String",
        "filename": "python/raft-ann-bench/src/raft_ann_bench/run/conf/glove-50-inner.json",
        "hashed_secret": "73f2ed8038532c03e366f9ddf5c1ecc8290e6e6b",
        "is_verified": false,
        "line_number": 1241,
        "is_secret": false
      }
    ],
    "python/raft-ann-bench/src/raft_ann_bench/run/conf/lastfm-65-angular.json": [
      {
        "type": "Base64 High Entropy String",
        "filename": "python/raft-ann-bench/src/raft_ann_bench/run/conf/lastfm-65-angular.json",
        "hashed_secret": "a309359af6be66996173489d968db5dea12710eb",
        "is_verified": false,
        "line_number": 293,
        "is_secret": false
      },
      {
        "type": "Base64 High Entropy String",
        "filename": "python/raft-ann-bench/src/raft_ann_bench/run/conf/lastfm-65-angular.json",
        "hashed_secret": "3e03b82af1422224c8b88e9ce840cfeb4eb7ed77",
        "is_verified": false,
        "line_number": 391,
        "is_secret": false
      },
      {
        "type": "Base64 High Entropy String",
        "filename": "python/raft-ann-bench/src/raft_ann_bench/run/conf/lastfm-65-angular.json",
        "hashed_secret": "6525371c2ad9a775b90534c1262ddd5d278f9384",
        "is_verified": false,
        "line_number": 734,
        "is_secret": false
      },
      {
        "type": "Base64 High Entropy String",
        "filename": "python/raft-ann-bench/src/raft_ann_bench/run/conf/lastfm-65-angular.json",
        "hashed_secret": "5fe27e398dedc833756612a528c3a5da64051305",
        "is_verified": false,
        "line_number": 773,
        "is_secret": false
      },
      {
        "type": "Base64 High Entropy String",
        "filename": "python/raft-ann-bench/src/raft_ann_bench/run/conf/lastfm-65-angular.json",
        "hashed_secret": "f626b264f7e2d71f84e8366b9c3077f5502cb277",
        "is_verified": false,
        "line_number": 784,
        "is_secret": false
      },
      {
        "type": "Base64 High Entropy String",
        "filename": "python/raft-ann-bench/src/raft_ann_bench/run/conf/lastfm-65-angular.json",
        "hashed_secret": "fb0fb75a425236db0daa4b2cadb0814b1899bd77",
        "is_verified": false,
        "line_number": 841,
        "is_secret": false
      },
      {
        "type": "Base64 High Entropy String",
        "filename": "python/raft-ann-bench/src/raft_ann_bench/run/conf/lastfm-65-angular.json",
        "hashed_secret": "6257c12ba7bd79506d13bf19e47d2c64a9e84d78",
        "is_verified": false,
        "line_number": 852,
        "is_secret": false
      },
      {
        "type": "Base64 High Entropy String",
        "filename": "python/raft-ann-bench/src/raft_ann_bench/run/conf/lastfm-65-angular.json",
        "hashed_secret": "809444e4fc86e13229613c17ad55d1d5acf0850c",
        "is_verified": false,
        "line_number": 891,
        "is_secret": false
      },
      {
        "type": "Base64 High Entropy String",
        "filename": "python/raft-ann-bench/src/raft_ann_bench/run/conf/lastfm-65-angular.json",
        "hashed_secret": "b811fa96d4ae7f1e45556bd3997cdabf5a560a4b",
        "is_verified": false,
        "line_number": 902,
        "is_secret": false
      },
      {
        "type": "Base64 High Entropy String",
        "filename": "python/raft-ann-bench/src/raft_ann_bench/run/conf/lastfm-65-angular.json",
        "hashed_secret": "47d39803d0b01eecfdbc6fdbb202f153890d1a9d",
        "is_verified": false,
        "line_number": 941,
        "is_secret": false
      },
      {
        "type": "Base64 High Entropy String",
        "filename": "python/raft-ann-bench/src/raft_ann_bench/run/conf/lastfm-65-angular.json",
        "hashed_secret": "f160eff82ec45bf008f66c55b1d30b5017ea5886",
        "is_verified": false,
        "line_number": 952,
        "is_secret": false
      },
      {
        "type": "Base64 High Entropy String",
        "filename": "python/raft-ann-bench/src/raft_ann_bench/run/conf/lastfm-65-angular.json",
        "hashed_secret": "01e042add05affbf1a1c470f15c50cfb370b7fd1",
        "is_verified": false,
        "line_number": 991,
        "is_secret": false
      },
      {
        "type": "Base64 High Entropy String",
        "filename": "python/raft-ann-bench/src/raft_ann_bench/run/conf/lastfm-65-angular.json",
        "hashed_secret": "a591c27317932c8dc72a7504ed58e5a1c8050eaa",
        "is_verified": false,
        "line_number": 1002,
        "is_secret": false
      },
      {
        "type": "Base64 High Entropy String",
        "filename": "python/raft-ann-bench/src/raft_ann_bench/run/conf/lastfm-65-angular.json",
        "hashed_secret": "f3dcc169ab2424482d5e4853079753e7a8d4d17e",
        "is_verified": false,
        "line_number": 1041,
        "is_secret": false
      },
      {
        "type": "Base64 High Entropy String",
        "filename": "python/raft-ann-bench/src/raft_ann_bench/run/conf/lastfm-65-angular.json",
        "hashed_secret": "067ae5ca754f67a0f0f475a317da7b0fda24d563",
        "is_verified": false,
        "line_number": 1052,
        "is_secret": false
      },
      {
        "type": "Base64 High Entropy String",
        "filename": "python/raft-ann-bench/src/raft_ann_bench/run/conf/lastfm-65-angular.json",
        "hashed_secret": "bc6d55c79f58fa59eed0a005d74354e7adda01f7",
        "is_verified": false,
        "line_number": 1091,
        "is_secret": false
      },
      {
        "type": "Base64 High Entropy String",
        "filename": "python/raft-ann-bench/src/raft_ann_bench/run/conf/lastfm-65-angular.json",
        "hashed_secret": "fcc2c41e50d8538acf701a7975b2c92269ed694d",
        "is_verified": false,
        "line_number": 1102,
        "is_secret": false
      },
      {
        "type": "Base64 High Entropy String",
        "filename": "python/raft-ann-bench/src/raft_ann_bench/run/conf/lastfm-65-angular.json",
        "hashed_secret": "1db0ab7a2edc45a88f89585a6687e35013c13d4a",
        "is_verified": false,
        "line_number": 1141,
        "is_secret": false
      },
      {
        "type": "Base64 High Entropy String",
        "filename": "python/raft-ann-bench/src/raft_ann_bench/run/conf/lastfm-65-angular.json",
        "hashed_secret": "239d9a65297617c877e7ef01a82049aa2f906a2a",
        "is_verified": false,
        "line_number": 1152,
        "is_secret": false
      },
      {
        "type": "Base64 High Entropy String",
        "filename": "python/raft-ann-bench/src/raft_ann_bench/run/conf/lastfm-65-angular.json",
        "hashed_secret": "acefcef92fed0f3646aaf03a962ece9d14ec6701",
        "is_verified": false,
        "line_number": 1191,
        "is_secret": false
      },
      {
        "type": "Base64 High Entropy String",
        "filename": "python/raft-ann-bench/src/raft_ann_bench/run/conf/lastfm-65-angular.json",
        "hashed_secret": "ad23f6062d58b0468b0954a70d94f7048d57a9b1",
        "is_verified": false,
        "line_number": 1202,
        "is_secret": false
      }
    ],
    "python/raft-ann-bench/src/raft_ann_bench/run/conf/mnist-784-euclidean.json": [
      {
        "type": "Base64 High Entropy String",
        "filename": "python/raft-ann-bench/src/raft_ann_bench/run/conf/mnist-784-euclidean.json",
        "hashed_secret": "d3bbfabdf26ba123fed90d26da0017006540e82f",
        "is_verified": false,
        "line_number": 294,
        "is_secret": false
      },
      {
        "type": "Base64 High Entropy String",
        "filename": "python/raft-ann-bench/src/raft_ann_bench/run/conf/mnist-784-euclidean.json",
        "hashed_secret": "e7b0bd58f804ca27a56104e6eb647317eaca885b",
        "is_verified": false,
        "line_number": 315,
        "is_secret": false
      },
      {
        "type": "Base64 High Entropy String",
        "filename": "python/raft-ann-bench/src/raft_ann_bench/run/conf/mnist-784-euclidean.json",
        "hashed_secret": "3aa50e08e4d67840b2a5737a3179af0f5c86bbfa",
        "is_verified": false,
        "line_number": 356,
        "is_secret": false
      },
      {
        "type": "Base64 High Entropy String",
        "filename": "python/raft-ann-bench/src/raft_ann_bench/run/conf/mnist-784-euclidean.json",
        "hashed_secret": "3b794f770edb8da65099c6c3c56cd50777c46b67",
        "is_verified": false,
        "line_number": 383,
        "is_secret": false
      },
      {
        "type": "Base64 High Entropy String",
        "filename": "python/raft-ann-bench/src/raft_ann_bench/run/conf/mnist-784-euclidean.json",
        "hashed_secret": "8aec77ecde661b4da0ee9177558cadcd8ff9cf03",
        "is_verified": false,
        "line_number": 392,
        "is_secret": false
      },
      {
        "type": "Base64 High Entropy String",
        "filename": "python/raft-ann-bench/src/raft_ann_bench/run/conf/mnist-784-euclidean.json",
        "hashed_secret": "22f8f8724f6399a4a45f3d02ed1dc460bd1323c4",
        "is_verified": false,
        "line_number": 419,
        "is_secret": false
      },
      {
        "type": "Base64 High Entropy String",
        "filename": "python/raft-ann-bench/src/raft_ann_bench/run/conf/mnist-784-euclidean.json",
        "hashed_secret": "ac0e70b3b1b5b7ca8fa937dc263226386ab291b9",
        "is_verified": false,
        "line_number": 428,
        "is_secret": false
      },
      {
        "type": "Base64 High Entropy String",
        "filename": "python/raft-ann-bench/src/raft_ann_bench/run/conf/mnist-784-euclidean.json",
        "hashed_secret": "9b40e72f902fb52bf481ec42c412778e90fa8d5a",
        "is_verified": false,
        "line_number": 455,
        "is_secret": false
      },
      {
        "type": "Base64 High Entropy String",
        "filename": "python/raft-ann-bench/src/raft_ann_bench/run/conf/mnist-784-euclidean.json",
        "hashed_secret": "1c723e301eb14593ae3b18fc5134b0895b796b9f",
        "is_verified": false,
        "line_number": 464,
        "is_secret": false
      },
      {
        "type": "Base64 High Entropy String",
        "filename": "python/raft-ann-bench/src/raft_ann_bench/run/conf/mnist-784-euclidean.json",
        "hashed_secret": "3b89a4324834d73da26a29b32dcaee0f79ff5470",
        "is_verified": false,
        "line_number": 491,
        "is_secret": false
      },
      {
        "type": "Base64 High Entropy String",
        "filename": "python/raft-ann-bench/src/raft_ann_bench/run/conf/mnist-784-euclidean.json",
        "hashed_secret": "b3e0644890141edc53ac56932fd1f3304b41a0e8",
        "is_verified": false,
        "line_number": 735,
        "is_secret": false
      },
      {
        "type": "Base64 High Entropy String",
        "filename": "python/raft-ann-bench/src/raft_ann_bench/run/conf/mnist-784-euclidean.json",
        "hashed_secret": "91f02aa82c0aa5e1794c6ef5704918df21b44bfb",
        "is_verified": false,
        "line_number": 774,
        "is_secret": false
      },
      {
        "type": "Base64 High Entropy String",
        "filename": "python/raft-ann-bench/src/raft_ann_bench/run/conf/mnist-784-euclidean.json",
        "hashed_secret": "8e0b539ffee6560280d6d44186895045142a61b4",
        "is_verified": false,
        "line_number": 785,
        "is_secret": false
      },
      {
        "type": "Base64 High Entropy String",
        "filename": "python/raft-ann-bench/src/raft_ann_bench/run/conf/mnist-784-euclidean.json",
        "hashed_secret": "a431dc6ee9cb4985f8793b160a0ab5cfcbf82d00",
        "is_verified": false,
        "line_number": 842,
        "is_secret": false
      },
      {
        "type": "Base64 High Entropy String",
        "filename": "python/raft-ann-bench/src/raft_ann_bench/run/conf/mnist-784-euclidean.json",
        "hashed_secret": "357aa46e78410617fce9ddfb9712c1e9a318bfe0",
        "is_verified": false,
        "line_number": 853,
        "is_secret": false
      },
      {
        "type": "Base64 High Entropy String",
        "filename": "python/raft-ann-bench/src/raft_ann_bench/run/conf/mnist-784-euclidean.json",
        "hashed_secret": "cdf0f610cadd1d29a63ff658eae7fe57da9dde5c",
        "is_verified": false,
        "line_number": 892,
        "is_secret": false
      },
      {
        "type": "Base64 High Entropy String",
        "filename": "python/raft-ann-bench/src/raft_ann_bench/run/conf/mnist-784-euclidean.json",
        "hashed_secret": "0d6f9593d7b8ec5b457ab2cc21d2411b71eb504e",
        "is_verified": false,
        "line_number": 903,
        "is_secret": false
      },
      {
        "type": "Base64 High Entropy String",
        "filename": "python/raft-ann-bench/src/raft_ann_bench/run/conf/mnist-784-euclidean.json",
        "hashed_secret": "d9c949bd4a092c8be84e3e728e870249bd09c28c",
        "is_verified": false,
        "line_number": 942,
        "is_secret": false
      },
      {
        "type": "Base64 High Entropy String",
        "filename": "python/raft-ann-bench/src/raft_ann_bench/run/conf/mnist-784-euclidean.json",
        "hashed_secret": "71e1d6d382a42dae4bf663bc0d308ca592019552",
        "is_verified": false,
        "line_number": 953,
        "is_secret": false
      },
      {
        "type": "Base64 High Entropy String",
        "filename": "python/raft-ann-bench/src/raft_ann_bench/run/conf/mnist-784-euclidean.json",
        "hashed_secret": "91f7bd8806f99adf3357ca78bd61bb49c6beb797",
        "is_verified": false,
        "line_number": 992,
        "is_secret": false
      },
      {
        "type": "Base64 High Entropy String",
        "filename": "python/raft-ann-bench/src/raft_ann_bench/run/conf/mnist-784-euclidean.json",
        "hashed_secret": "e826ea6b056436441b5a623ea5001964ed0517ae",
        "is_verified": false,
        "line_number": 1003,
        "is_secret": false
      },
      {
        "type": "Base64 High Entropy String",
        "filename": "python/raft-ann-bench/src/raft_ann_bench/run/conf/mnist-784-euclidean.json",
        "hashed_secret": "4bb5c6a5c49a84d3150210e289460f03200753b0",
        "is_verified": false,
        "line_number": 1042,
        "is_secret": false
      },
      {
        "type": "Base64 High Entropy String",
        "filename": "python/raft-ann-bench/src/raft_ann_bench/run/conf/mnist-784-euclidean.json",
        "hashed_secret": "42499fd95cd2b9ed2197cec79c5cfde9229cc715",
        "is_verified": false,
        "line_number": 1053,
        "is_secret": false
      },
      {
        "type": "Base64 High Entropy String",
        "filename": "python/raft-ann-bench/src/raft_ann_bench/run/conf/mnist-784-euclidean.json",
        "hashed_secret": "08438b3cec944e06ae7374a9fc7982cd2719be51",
        "is_verified": false,
        "line_number": 1092,
        "is_secret": false
      },
      {
        "type": "Base64 High Entropy String",
        "filename": "python/raft-ann-bench/src/raft_ann_bench/run/conf/mnist-784-euclidean.json",
        "hashed_secret": "4aad9aca382c4feed0d9594933f8c76c1883e382",
        "is_verified": false,
        "line_number": 1103,
        "is_secret": false
      },
      {
        "type": "Base64 High Entropy String",
        "filename": "python/raft-ann-bench/src/raft_ann_bench/run/conf/mnist-784-euclidean.json",
        "hashed_secret": "1cec611f98b3060edefebb9209c1556fabf26ba3",
        "is_verified": false,
        "line_number": 1142,
        "is_secret": false
      },
      {
        "type": "Base64 High Entropy String",
        "filename": "python/raft-ann-bench/src/raft_ann_bench/run/conf/mnist-784-euclidean.json",
        "hashed_secret": "f84658e19f985374c5696daa904f7e9c4a4b3aa7",
        "is_verified": false,
        "line_number": 1153,
        "is_secret": false
      },
      {
        "type": "Base64 High Entropy String",
        "filename": "python/raft-ann-bench/src/raft_ann_bench/run/conf/mnist-784-euclidean.json",
        "hashed_secret": "c6adc472fccd935990828895c26ed716b913a113",
        "is_verified": false,
        "line_number": 1192,
        "is_secret": false
      },
      {
        "type": "Base64 High Entropy String",
        "filename": "python/raft-ann-bench/src/raft_ann_bench/run/conf/mnist-784-euclidean.json",
        "hashed_secret": "7e85ae7da43898f54f12d65aa20e4499e219fa40",
        "is_verified": false,
        "line_number": 1203,
        "is_secret": false
      },
      {
        "type": "Base64 High Entropy String",
        "filename": "python/raft-ann-bench/src/raft_ann_bench/run/conf/mnist-784-euclidean.json",
        "hashed_secret": "0d9d63fa279d322fc43c295869dba43f7bbc2ccf",
        "is_verified": false,
        "line_number": 1242,
        "is_secret": false
      }
    ],
    "python/raft-ann-bench/src/raft_ann_bench/run/conf/nytimes-256-angular.json": [
      {
        "type": "Base64 High Entropy String",
        "filename": "python/raft-ann-bench/src/raft_ann_bench/run/conf/nytimes-256-angular.json",
        "hashed_secret": "02e07e21748d7ba4a1df8cdbda00997a8a02f1d0",
        "is_verified": false,
        "line_number": 253,
        "is_secret": false
      },
      {
        "type": "Base64 High Entropy String",
        "filename": "python/raft-ann-bench/src/raft_ann_bench/run/conf/nytimes-256-angular.json",
        "hashed_secret": "a946250f78f532500f9a3d053f530298318bfe70",
        "is_verified": false,
        "line_number": 294,
        "is_secret": false
      },
      {
        "type": "Base64 High Entropy String",
        "filename": "python/raft-ann-bench/src/raft_ann_bench/run/conf/nytimes-256-angular.json",
        "hashed_secret": "eea6ddf138c315aa478fd5bd55b4f495ada7b74a",
        "is_verified": false,
        "line_number": 315,
        "is_secret": false
      },
      {
        "type": "Base64 High Entropy String",
        "filename": "python/raft-ann-bench/src/raft_ann_bench/run/conf/nytimes-256-angular.json",
        "hashed_secret": "6bbd9fc3020f5db9d438c486e167dfd1565ae7b0",
        "is_verified": false,
        "line_number": 356,
        "is_secret": false
      },
      {
        "type": "Base64 High Entropy String",
        "filename": "python/raft-ann-bench/src/raft_ann_bench/run/conf/nytimes-256-angular.json",
        "hashed_secret": "c30d3b8ee362e8a21d95bdc666c4d84a4f300a25",
        "is_verified": false,
        "line_number": 392,
        "is_secret": false
      },
      {
        "type": "Base64 High Entropy String",
        "filename": "python/raft-ann-bench/src/raft_ann_bench/run/conf/nytimes-256-angular.json",
        "hashed_secret": "c32bde4ad9f9dcda4d342c8f1bedbef073c5070f",
        "is_verified": false,
        "line_number": 419,
        "is_secret": false
      },
      {
        "type": "Base64 High Entropy String",
        "filename": "python/raft-ann-bench/src/raft_ann_bench/run/conf/nytimes-256-angular.json",
        "hashed_secret": "b2eddc9cb9fef788683275128b1164b9d3b91261",
        "is_verified": false,
        "line_number": 428,
        "is_secret": false
      },
      {
        "type": "Base64 High Entropy String",
        "filename": "python/raft-ann-bench/src/raft_ann_bench/run/conf/nytimes-256-angular.json",
        "hashed_secret": "817410703e71c2aae0a26219c862e2a2998eacca",
        "is_verified": false,
        "line_number": 464,
        "is_secret": false
      },
      {
        "type": "Base64 High Entropy String",
        "filename": "python/raft-ann-bench/src/raft_ann_bench/run/conf/nytimes-256-angular.json",
        "hashed_secret": "d5b27c018dce0921a1ab14b97d795dfa7b576657",
        "is_verified": false,
        "line_number": 500,
        "is_secret": false
      },
      {
        "type": "Base64 High Entropy String",
        "filename": "python/raft-ann-bench/src/raft_ann_bench/run/conf/nytimes-256-angular.json",
        "hashed_secret": "775d3a1724e0aa8ad6f894686d9c6b28ceb4e221",
        "is_verified": false,
        "line_number": 530,
        "is_secret": false
      },
      {
        "type": "Base64 High Entropy String",
        "filename": "python/raft-ann-bench/src/raft_ann_bench/run/conf/nytimes-256-angular.json",
        "hashed_secret": "123671d3310f67d602f5c9daa56c9acd2cf7d847",
        "is_verified": false,
        "line_number": 539,
        "is_secret": false
      },
      {
        "type": "Base64 High Entropy String",
        "filename": "python/raft-ann-bench/src/raft_ann_bench/run/conf/nytimes-256-angular.json",
        "hashed_secret": "0ae0c03f88f2512a0eebc4ab3581f7659d2c934f",
        "is_verified": false,
        "line_number": 611,
        "is_secret": false
      },
      {
        "type": "Base64 High Entropy String",
        "filename": "python/raft-ann-bench/src/raft_ann_bench/run/conf/nytimes-256-angular.json",
        "hashed_secret": "336f595224542dadaf0d3e53127394a536c2eb67",
        "is_verified": false,
        "line_number": 683,
        "is_secret": false
      },
      {
        "type": "Base64 High Entropy String",
        "filename": "python/raft-ann-bench/src/raft_ann_bench/run/conf/nytimes-256-angular.json",
        "hashed_secret": "173acfc1fb4c058b5a2d324ee1b134d86de58bc7",
        "is_verified": false,
        "line_number": 735,
        "is_secret": false
      },
      {
        "type": "Base64 High Entropy String",
        "filename": "python/raft-ann-bench/src/raft_ann_bench/run/conf/nytimes-256-angular.json",
        "hashed_secret": "8c7b648fd228c0417053a430146a0d94aaf76b16",
        "is_verified": false,
        "line_number": 774,
        "is_secret": false
      },
      {
        "type": "Base64 High Entropy String",
        "filename": "python/raft-ann-bench/src/raft_ann_bench/run/conf/nytimes-256-angular.json",
        "hashed_secret": "0883952e54d63e77d82d1c581b469b57ae6dc5fd",
        "is_verified": false,
        "line_number": 785,
        "is_secret": false
      },
      {
        "type": "Base64 High Entropy String",
        "filename": "python/raft-ann-bench/src/raft_ann_bench/run/conf/nytimes-256-angular.json",
        "hashed_secret": "be83983b316119ab242670adff574c473df6987a",
        "is_verified": false,
        "line_number": 842,
        "is_secret": false
      },
      {
        "type": "Base64 High Entropy String",
        "filename": "python/raft-ann-bench/src/raft_ann_bench/run/conf/nytimes-256-angular.json",
        "hashed_secret": "77f4f1c4adebc4df7673d304a886a780732708a7",
        "is_verified": false,
        "line_number": 853,
        "is_secret": false
      },
      {
        "type": "Base64 High Entropy String",
        "filename": "python/raft-ann-bench/src/raft_ann_bench/run/conf/nytimes-256-angular.json",
        "hashed_secret": "40b3289a2cf04c86e70a6f98f75bfe0cb97d9af9",
        "is_verified": false,
        "line_number": 892,
        "is_secret": false
      },
      {
        "type": "Base64 High Entropy String",
        "filename": "python/raft-ann-bench/src/raft_ann_bench/run/conf/nytimes-256-angular.json",
        "hashed_secret": "0327c21995c0f9f98633cd508a1cc4df2ead61c8",
        "is_verified": false,
        "line_number": 903,
        "is_secret": false
      },
      {
        "type": "Base64 High Entropy String",
        "filename": "python/raft-ann-bench/src/raft_ann_bench/run/conf/nytimes-256-angular.json",
        "hashed_secret": "c333610aca55e0dd06ad265bddf5fb2b6d5f96a1",
        "is_verified": false,
        "line_number": 942,
        "is_secret": false
      },
      {
        "type": "Base64 High Entropy String",
        "filename": "python/raft-ann-bench/src/raft_ann_bench/run/conf/nytimes-256-angular.json",
        "hashed_secret": "4e6e8fdccbbd4d5af2dceb40b40643b64749e709",
        "is_verified": false,
        "line_number": 953,
        "is_secret": false
      },
      {
        "type": "Base64 High Entropy String",
        "filename": "python/raft-ann-bench/src/raft_ann_bench/run/conf/nytimes-256-angular.json",
        "hashed_secret": "83363bd4deac207af36ffa345cf6df267d68f4ce",
        "is_verified": false,
        "line_number": 992,
        "is_secret": false
      },
      {
        "type": "Base64 High Entropy String",
        "filename": "python/raft-ann-bench/src/raft_ann_bench/run/conf/nytimes-256-angular.json",
        "hashed_secret": "aec53e4c7abbedfc1259c9a85003a4aca3b0d57a",
        "is_verified": false,
        "line_number": 1003,
        "is_secret": false
      },
      {
        "type": "Base64 High Entropy String",
        "filename": "python/raft-ann-bench/src/raft_ann_bench/run/conf/nytimes-256-angular.json",
        "hashed_secret": "a9463db3b0616e20d5d6bdb01ace7440072980be",
        "is_verified": false,
        "line_number": 1042,
        "is_secret": false
      },
      {
        "type": "Base64 High Entropy String",
        "filename": "python/raft-ann-bench/src/raft_ann_bench/run/conf/nytimes-256-angular.json",
        "hashed_secret": "f3db90eecce1be28fa9dfa68fd263fa671c08a6f",
        "is_verified": false,
        "line_number": 1053,
        "is_secret": false
      },
      {
        "type": "Base64 High Entropy String",
        "filename": "python/raft-ann-bench/src/raft_ann_bench/run/conf/nytimes-256-angular.json",
        "hashed_secret": "fa434b44b85755c46319b490fc804010b721f45e",
        "is_verified": false,
        "line_number": 1092,
        "is_secret": false
      },
      {
        "type": "Base64 High Entropy String",
        "filename": "python/raft-ann-bench/src/raft_ann_bench/run/conf/nytimes-256-angular.json",
        "hashed_secret": "f181c7ee19bcefb4f4a82fdf3c1a746f6e19a392",
        "is_verified": false,
        "line_number": 1103,
        "is_secret": false
      },
      {
        "type": "Base64 High Entropy String",
        "filename": "python/raft-ann-bench/src/raft_ann_bench/run/conf/nytimes-256-angular.json",
        "hashed_secret": "f8f853334f19c8f5249d048fb884b8f386442bfe",
        "is_verified": false,
        "line_number": 1142,
        "is_secret": false
      },
      {
        "type": "Base64 High Entropy String",
        "filename": "python/raft-ann-bench/src/raft_ann_bench/run/conf/nytimes-256-angular.json",
        "hashed_secret": "f45799a1e3bf4024ada6dc54c57535935e4d4141",
        "is_verified": false,
        "line_number": 1153,
        "is_secret": false
      },
      {
        "type": "Base64 High Entropy String",
        "filename": "python/raft-ann-bench/src/raft_ann_bench/run/conf/nytimes-256-angular.json",
        "hashed_secret": "d8d833bf6f063fdacd3ec3cda8813a9729e0de36",
        "is_verified": false,
        "line_number": 1192,
        "is_secret": false
      },
      {
        "type": "Base64 High Entropy String",
        "filename": "python/raft-ann-bench/src/raft_ann_bench/run/conf/nytimes-256-angular.json",
        "hashed_secret": "edf422d766ad97024e70261e84021653f1778ab1",
        "is_verified": false,
        "line_number": 1203,
        "is_secret": false
      },
      {
        "type": "Base64 High Entropy String",
        "filename": "python/raft-ann-bench/src/raft_ann_bench/run/conf/nytimes-256-angular.json",
        "hashed_secret": "5daebf6650d5b76673719a0f5ba2b31eb3831a30",
        "is_verified": false,
        "line_number": 1242,
        "is_secret": false
      }
    ],
    "python/raft-ann-bench/src/raft_ann_bench/run/conf/nytimes-256-inner.json": [
      {
        "type": "Base64 High Entropy String",
        "filename": "python/raft-ann-bench/src/raft_ann_bench/run/conf/nytimes-256-inner.json",
        "hashed_secret": "ee77f689e6c727969932bd25faa520801b92919b",
        "is_verified": false,
        "line_number": 735,
        "is_secret": false
      },
      {
        "type": "Base64 High Entropy String",
        "filename": "python/raft-ann-bench/src/raft_ann_bench/run/conf/nytimes-256-inner.json",
        "hashed_secret": "4cc5838a92483aa9f892ee42e838107a9869d058",
        "is_verified": false,
        "line_number": 774,
        "is_secret": false
      },
      {
        "type": "Base64 High Entropy String",
        "filename": "python/raft-ann-bench/src/raft_ann_bench/run/conf/nytimes-256-inner.json",
        "hashed_secret": "4b69bfb93d14470992e7d41f1b699d9dd668b03d",
        "is_verified": false,
        "line_number": 785,
        "is_secret": false
      },
      {
        "type": "Base64 High Entropy String",
        "filename": "python/raft-ann-bench/src/raft_ann_bench/run/conf/nytimes-256-inner.json",
        "hashed_secret": "f33c84a133ba3efeac445df1c548e4bc07d58f1f",
        "is_verified": false,
        "line_number": 842,
        "is_secret": false
      },
      {
        "type": "Base64 High Entropy String",
        "filename": "python/raft-ann-bench/src/raft_ann_bench/run/conf/nytimes-256-inner.json",
        "hashed_secret": "8396392b7c97b7b23796dc3583e6580306153ccd",
        "is_verified": false,
        "line_number": 853,
        "is_secret": false
      },
      {
        "type": "Base64 High Entropy String",
        "filename": "python/raft-ann-bench/src/raft_ann_bench/run/conf/nytimes-256-inner.json",
        "hashed_secret": "e46f6a64eb8509981ad86c47e6fdc1ce68e1eeb6",
        "is_verified": false,
        "line_number": 892,
        "is_secret": false
      },
      {
        "type": "Base64 High Entropy String",
        "filename": "python/raft-ann-bench/src/raft_ann_bench/run/conf/nytimes-256-inner.json",
        "hashed_secret": "9b46f7391c75a5d7ac5732e10712ec5909ce8ff3",
        "is_verified": false,
        "line_number": 903,
        "is_secret": false
      },
      {
        "type": "Base64 High Entropy String",
        "filename": "python/raft-ann-bench/src/raft_ann_bench/run/conf/nytimes-256-inner.json",
        "hashed_secret": "ded9cfa87d0602908a0da2d66c2f452ca7ace739",
        "is_verified": false,
        "line_number": 942,
        "is_secret": false
      },
      {
        "type": "Base64 High Entropy String",
        "filename": "python/raft-ann-bench/src/raft_ann_bench/run/conf/nytimes-256-inner.json",
        "hashed_secret": "e67658f57bd23ad690808cd0d5eb4c1a6e4f5028",
        "is_verified": false,
        "line_number": 953,
        "is_secret": false
      },
      {
        "type": "Base64 High Entropy String",
        "filename": "python/raft-ann-bench/src/raft_ann_bench/run/conf/nytimes-256-inner.json",
        "hashed_secret": "775d1cba9cb0c0094af145a6210b4c51040eab7d",
        "is_verified": false,
        "line_number": 992,
        "is_secret": false
      },
      {
        "type": "Base64 High Entropy String",
        "filename": "python/raft-ann-bench/src/raft_ann_bench/run/conf/nytimes-256-inner.json",
        "hashed_secret": "f89d333f480790aa520259dc12b9185d466ca0eb",
        "is_verified": false,
        "line_number": 1003,
        "is_secret": false
      },
      {
        "type": "Base64 High Entropy String",
        "filename": "python/raft-ann-bench/src/raft_ann_bench/run/conf/nytimes-256-inner.json",
        "hashed_secret": "10fc7b44f87cd56fd233ad99b1d02156646d11d8",
        "is_verified": false,
        "line_number": 1042,
        "is_secret": false
      },
      {
        "type": "Base64 High Entropy String",
        "filename": "python/raft-ann-bench/src/raft_ann_bench/run/conf/nytimes-256-inner.json",
        "hashed_secret": "048557c326beb57e1064e3d1ed484649c6e34d2e",
        "is_verified": false,
        "line_number": 1053,
        "is_secret": false
      },
      {
        "type": "Base64 High Entropy String",
        "filename": "python/raft-ann-bench/src/raft_ann_bench/run/conf/nytimes-256-inner.json",
        "hashed_secret": "01166b24c38ad57560fd8d1cdd09e8dd60dd76f9",
        "is_verified": false,
        "line_number": 1092,
        "is_secret": false
      },
      {
        "type": "Base64 High Entropy String",
        "filename": "python/raft-ann-bench/src/raft_ann_bench/run/conf/nytimes-256-inner.json",
        "hashed_secret": "6628481276c5d4974d24912c5ee4afd98ed530da",
        "is_verified": false,
        "line_number": 1103,
        "is_secret": false
      },
      {
        "type": "Base64 High Entropy String",
        "filename": "python/raft-ann-bench/src/raft_ann_bench/run/conf/nytimes-256-inner.json",
        "hashed_secret": "6372dee9c353afc486d71e38dd2db4c20448512d",
        "is_verified": false,
        "line_number": 1142,
        "is_secret": false
      },
      {
        "type": "Base64 High Entropy String",
        "filename": "python/raft-ann-bench/src/raft_ann_bench/run/conf/nytimes-256-inner.json",
        "hashed_secret": "770c1bd09c0abdcde4bdfea42198a167cfef0d0d",
        "is_verified": false,
        "line_number": 1153,
        "is_secret": false
      },
      {
        "type": "Base64 High Entropy String",
        "filename": "python/raft-ann-bench/src/raft_ann_bench/run/conf/nytimes-256-inner.json",
        "hashed_secret": "9727de4449e0ad10ba33810ca506898fd30c96f9",
        "is_verified": false,
        "line_number": 1192,
        "is_secret": false
      },
      {
        "type": "Base64 High Entropy String",
        "filename": "python/raft-ann-bench/src/raft_ann_bench/run/conf/nytimes-256-inner.json",
        "hashed_secret": "e2b449b806a707951b988ccbd15665d4ae371eef",
        "is_verified": false,
        "line_number": 1203,
        "is_secret": false
      },
      {
        "type": "Base64 High Entropy String",
        "filename": "python/raft-ann-bench/src/raft_ann_bench/run/conf/nytimes-256-inner.json",
        "hashed_secret": "2206c50161b53d4fa4e6a11c6f57899be4dbef4f",
        "is_verified": false,
        "line_number": 1242,
        "is_secret": false
      }
    ],
    "python/raft-ann-bench/src/raft_ann_bench/run/conf/sift-128-euclidean.json": [
      {
        "type": "Base64 High Entropy String",
        "filename": "python/raft-ann-bench/src/raft_ann_bench/run/conf/sift-128-euclidean.json",
        "hashed_secret": "f5134ebaaeebb86c5a9e292f64768c1433838860",
        "is_verified": false,
        "line_number": 382,
        "is_secret": false
      }
    ]
  },
  "generated_at": "2025-02-21T22:58:33Z"
}
